Mar  2 16:30:01 debian kernel: [    0.000000] Linux version 5.12.0-rc1 (root@debian) (gcc (Debian 8.3.0-6) 8.3.0, GNU ld (GNU Binutils for Debian) 2.31.1) #1 SMP Tue Mar 2 12:12:59 CET 2021
Mar  2 16:30:01 debian kernel: [    0.000000] Command line: BOOT_IMAGE=/boot/vmlinuz-5.12.0-rc1 root=UUID=764655a2-69dc-4578-a7e7-090fd9f3a3df ro quiet
Mar  2 16:30:01 debian kernel: [    0.000000] x86/fpu: Supporting XSAVE feature 0x001: 'x87 floating point registers'
Mar  2 16:30:01 debian kernel: [    0.000000] x86/fpu: Supporting XSAVE feature 0x002: 'SSE registers'
Mar  2 16:30:01 debian kernel: [    0.000000] x86/fpu: Supporting XSAVE feature 0x004: 'AVX registers'
Mar  2 16:30:01 debian kernel: [    0.000000] x86/fpu: xstate_offset[2]:  576, xstate_sizes[2]:  256
Mar  2 16:30:01 debian kernel: [    0.000000] x86/fpu: Enabled xstate features 0x7, context size is 832 bytes, using 'standard' format.
Mar  2 16:30:01 debian kernel: [    0.000000] BIOS-provided physical RAM map:
Mar  2 16:30:01 debian kernel: [    0.000000] BIOS-e820: [mem 0x0000000000000000-0x000000000009fbff] usable
Mar  2 16:30:01 debian kernel: [    0.000000] BIOS-e820: [mem 0x000000000009fc00-0x000000000009ffff] reserved
Mar  2 16:30:01 debian kernel: [    0.000000] BIOS-e820: [mem 0x00000000000f0000-0x00000000000fffff] reserved
Mar  2 16:30:01 debian kernel: [    0.000000] BIOS-e820: [mem 0x0000000000100000-0x000000007ffeffff] usable
Mar  2 16:30:01 debian kernel: [    0.000000] BIOS-e820: [mem 0x000000007fff0000-0x000000007fffffff] ACPI data
Mar  2 16:30:01 debian kernel: [    0.000000] BIOS-e820: [mem 0x00000000fec00000-0x00000000fec00fff] reserved
Mar  2 16:30:01 debian kernel: [    0.000000] BIOS-e820: [mem 0x00000000fee00000-0x00000000fee00fff] reserved
Mar  2 16:30:01 debian kernel: [    0.000000] BIOS-e820: [mem 0x00000000fffc0000-0x00000000ffffffff] reserved
Mar  2 16:30:01 debian kernel: [    0.000000] NX (Execute Disable) protection: active
Mar  2 16:30:01 debian kernel: [    0.000000] SMBIOS 2.5 present.
Mar  2 16:30:01 debian kernel: [    0.000000] DMI: innotek GmbH VirtualBox/VirtualBox, BIOS VirtualBox 12/01/2006
Mar  2 16:30:01 debian kernel: [    0.000000] Hypervisor detected: KVM
Mar  2 16:30:01 debian kernel: [    0.000000] kvm-clock: Using msrs 4b564d01 and 4b564d00
Mar  2 16:30:01 debian kernel: [    0.000000] kvm-clock: cpu 0, msr 766ed001, primary cpu clock
Mar  2 16:30:01 debian kernel: [    0.000000] kvm-clock: using sched offset of 53513123397 cycles
Mar  2 16:30:01 debian kernel: [    0.000002] clocksource: kvm-clock: mask: 0xffffffffffffffff max_cycles: 0x1cd42e4dffb, max_idle_ns: 881590591483 ns
Mar  2 16:30:01 debian kernel: [    0.000004] tsc: Detected 2893.406 MHz processor
Mar  2 16:30:01 debian kernel: [    0.001299] e820: update [mem 0x00000000-0x00000fff] usable ==> reserved
Mar  2 16:30:01 debian kernel: [    0.001303] e820: remove [mem 0x000a0000-0x000fffff] usable
Mar  2 16:30:01 debian kernel: [    0.001307] last_pfn = 0x7fff0 max_arch_pfn = 0x400000000
Mar  2 16:30:01 debian kernel: [    0.001318] Disabled
Mar  2 16:30:01 debian kernel: [    0.001319] x86/PAT: MTRRs disabled, skipping PAT initialization too.
Mar  2 16:30:01 debian kernel: [    0.001322] CPU MTRRs all blank - virtualized system.
Mar  2 16:30:01 debian kernel: [    0.001324] x86/PAT: Configuration [0-7]: WB  WT  UC- UC  WB  WT  UC- UC  
Mar  2 16:30:01 debian kernel: [    0.001404] found SMP MP-table at [mem 0x0009fff0-0x0009ffff]
Mar  2 16:30:01 debian kernel: [    0.216816] RAMDISK: [mem 0x04745000-0x1e399fff]
Mar  2 16:30:01 debian kernel: [    0.216829] ACPI: Early table checksum verification disabled
Mar  2 16:30:01 debian kernel: [    0.216834] ACPI: RSDP 0x00000000000E0000 000024 (v02 VBOX  )
Mar  2 16:30:01 debian kernel: [    0.216840] ACPI: XSDT 0x000000007FFF0030 00003C (v01 VBOX   VBOXXSDT 00000001 ASL  00000061)
Mar  2 16:30:01 debian kernel: [    0.216846] ACPI: FACP 0x000000007FFF00F0 0000F4 (v04 VBOX   VBOXFACP 00000001 ASL  00000061)
Mar  2 16:30:01 debian kernel: [    0.216852] ACPI: DSDT 0x000000007FFF0480 002325 (v02 VBOX   VBOXBIOS 00000002 INTL 20120111)
Mar  2 16:30:01 debian kernel: [    0.216856] ACPI: FACS 0x000000007FFF0200 000040
Mar  2 16:30:01 debian kernel: [    0.216860] ACPI: FACS 0x000000007FFF0200 000040
Mar  2 16:30:01 debian kernel: [    0.216864] ACPI: APIC 0x000000007FFF0240 00006C (v02 VBOX   VBOXAPIC 00000001 ASL  00000061)
Mar  2 16:30:01 debian kernel: [    0.216868] ACPI: SSDT 0x000000007FFF02B0 0001CC (v01 VBOX   VBOXCPUT 00000002 INTL 20120111)
Mar  2 16:30:01 debian kernel: [    0.216877] ACPI: Local APIC address 0xfee00000
Mar  2 16:30:01 debian kernel: [    0.217181] No NUMA configuration found
Mar  2 16:30:01 debian kernel: [    0.217183] Faking a node at [mem 0x0000000000000000-0x000000007ffeffff]
Mar  2 16:30:01 debian kernel: [    0.217186] NODE_DATA(0) allocated [mem 0x7ffeb000-0x7ffeffff]
Mar  2 16:30:01 debian kernel: [    0.217205] Zone ranges:
Mar  2 16:30:01 debian kernel: [    0.217205]   DMA      [mem 0x0000000000001000-0x0000000000ffffff]
Mar  2 16:30:01 debian kernel: [    0.217207]   DMA32    [mem 0x0000000001000000-0x000000007ffeffff]
Mar  2 16:30:01 debian kernel: [    0.217209]   Normal   empty
Mar  2 16:30:01 debian kernel: [    0.217210]   Device   empty
Mar  2 16:30:01 debian kernel: [    0.217210] Movable zone start for each node
Mar  2 16:30:01 debian kernel: [    0.217211] Early memory node ranges
Mar  2 16:30:01 debian kernel: [    0.217212]   node   0: [mem 0x0000000000001000-0x000000000009efff]
Mar  2 16:30:01 debian kernel: [    0.217213]   node   0: [mem 0x0000000000100000-0x000000007ffeffff]
Mar  2 16:30:01 debian kernel: [    0.217216] Zeroed struct page in unavailable ranges: 114 pages
Mar  2 16:30:01 debian kernel: [    0.217217] Initmem setup node 0 [mem 0x0000000000001000-0x000000007ffeffff]
Mar  2 16:30:01 debian kernel: [    0.217219] On node 0 totalpages: 524174
Mar  2 16:30:01 debian kernel: [    0.217220]   DMA zone: 64 pages used for memmap
Mar  2 16:30:01 debian kernel: [    0.217221]   DMA zone: 21 pages reserved
Mar  2 16:30:01 debian kernel: [    0.217222]   DMA zone: 3998 pages, LIFO batch:0
Mar  2 16:30:01 debian kernel: [    0.217243]   DMA32 zone: 8128 pages used for memmap
Mar  2 16:30:01 debian kernel: [    0.217244]   DMA32 zone: 520176 pages, LIFO batch:63
Mar  2 16:30:01 debian kernel: [    0.221305] ACPI: PM-Timer IO Port: 0x4008
Mar  2 16:30:01 debian kernel: [    0.221313] ACPI: Local APIC address 0xfee00000
Mar  2 16:30:01 debian kernel: [    0.221380] IOAPIC[0]: apic_id 4, version 32, address 0xfec00000, GSI 0-23
Mar  2 16:30:01 debian kernel: [    0.221385] ACPI: INT_SRC_OVR (bus 0 bus_irq 0 global_irq 2 dfl dfl)
Mar  2 16:30:01 debian kernel: [    0.221387] ACPI: INT_SRC_OVR (bus 0 bus_irq 9 global_irq 9 low level)
Mar  2 16:30:01 debian kernel: [    0.221389] ACPI: IRQ0 used by override.
Mar  2 16:30:01 debian kernel: [    0.221390] ACPI: IRQ9 used by override.
Mar  2 16:30:01 debian kernel: [    0.221392] Using ACPI (MADT) for SMP configuration information
Mar  2 16:30:01 debian kernel: [    0.221399] smpboot: Allowing 4 CPUs, 0 hotplug CPUs
Mar  2 16:30:01 debian kernel: [    0.221421] PM: hibernation: Registered nosave memory: [mem 0x00000000-0x00000fff]
Mar  2 16:30:01 debian kernel: [    0.221423] PM: hibernation: Registered nosave memory: [mem 0x0009f000-0x0009ffff]
Mar  2 16:30:01 debian kernel: [    0.221423] PM: hibernation: Registered nosave memory: [mem 0x000a0000-0x000effff]
Mar  2 16:30:01 debian kernel: [    0.221424] PM: hibernation: Registered nosave memory: [mem 0x000f0000-0x000fffff]
Mar  2 16:30:01 debian kernel: [    0.221426] [mem 0x80000000-0xfebfffff] available for PCI devices
Mar  2 16:30:01 debian kernel: [    0.221427] Booting paravirtualized kernel on KVM
Mar  2 16:30:01 debian kernel: [    0.221429] clocksource: refined-jiffies: mask: 0xffffffff max_cycles: 0xffffffff, max_idle_ns: 7645519600211568 ns
Mar  2 16:30:01 debian kernel: [    0.224711] setup_percpu: NR_CPUS:512 nr_cpumask_bits:512 nr_cpu_ids:4 nr_node_ids:1
Mar  2 16:30:01 debian kernel: [    0.224861] percpu: Embedded 55 pages/cpu s185496 r8192 d31592 u524288
Mar  2 16:30:01 debian kernel: [    0.224865] pcpu-alloc: s185496 r8192 d31592 u524288 alloc=1*2097152
Mar  2 16:30:01 debian kernel: [    0.224867] pcpu-alloc: [0] 0 1 2 3 
Mar  2 16:30:01 debian kernel: [    0.224886] kvm-guest: PV spinlocks enabled
Mar  2 16:30:01 debian kernel: [    0.224888] PV qspinlock hash table entries: 256 (order: 0, 4096 bytes, linear)
Mar  2 16:30:01 debian kernel: [    0.224897] Built 1 zonelists, mobility grouping on.  Total pages: 515961
Mar  2 16:30:01 debian kernel: [    0.224899] Policy zone: DMA32
Mar  2 16:30:01 debian kernel: [    0.224900] Kernel command line: BOOT_IMAGE=/boot/vmlinuz-5.12.0-rc1 root=UUID=764655a2-69dc-4578-a7e7-090fd9f3a3df ro quiet
Mar  2 16:30:01 debian kernel: [    0.225025] Dentry cache hash table entries: 262144 (order: 9, 2097152 bytes, linear)
Mar  2 16:30:01 debian kernel: [    0.225066] Inode-cache hash table entries: 131072 (order: 8, 1048576 bytes, linear)
Mar  2 16:30:01 debian kernel: [    0.225146] mem auto-init: stack:off, heap alloc:off, heap free:off
Mar  2 16:30:01 debian kernel: [    0.229488] Memory: 1610640K/2096696K available (12295K kernel code, 1785K rwdata, 3944K rodata, 1644K init, 1236K bss, 485796K reserved, 0K cma-reserved)
Mar  2 16:30:01 debian kernel: [    0.229497] random: get_random_u64 called from __kmem_cache_create+0x2a/0x430 with crng_init=0
Mar  2 16:30:01 debian kernel: [    0.229581] SLUB: HWalign=64, Order=0-3, MinObjects=0, CPUs=4, Nodes=1
Mar  2 16:30:01 debian kernel: [    0.229591] Kernel/User page tables isolation: enabled
Mar  2 16:30:01 debian kernel: [    0.229616] ftrace: allocating 36450 entries in 143 pages
Mar  2 16:30:01 debian kernel: [    0.239088] ftrace: allocated 143 pages with 5 groups
Mar  2 16:30:01 debian kernel: [    0.239151] rcu: Hierarchical RCU implementation.
Mar  2 16:30:01 debian kernel: [    0.239152] rcu: 	RCU restricting CPUs from NR_CPUS=512 to nr_cpu_ids=4.
Mar  2 16:30:01 debian kernel: [    0.239153] 	Rude variant of Tasks RCU enabled.
Mar  2 16:30:01 debian kernel: [    0.239154] 	Tracing variant of Tasks RCU enabled.
Mar  2 16:30:01 debian kernel: [    0.239154] rcu: RCU calculated value of scheduler-enlistment delay is 25 jiffies.
Mar  2 16:30:01 debian kernel: [    0.239155] rcu: Adjusting geometry for rcu_fanout_leaf=16, nr_cpu_ids=4
Mar  2 16:30:01 debian kernel: [    0.242258] NR_IRQS: 33024, nr_irqs: 456, preallocated irqs: 16
Mar  2 16:30:01 debian kernel: [    0.242733] random: crng done (trusting CPU's manufacturer)
Mar  2 16:30:01 debian kernel: [    0.251450] Console: colour VGA+ 80x25
Mar  2 16:30:01 debian kernel: [    0.251459] printk: console [tty0] enabled
Mar  2 16:30:01 debian kernel: [    0.251477] ACPI: Core revision 20210105
Mar  2 16:30:01 debian kernel: [    0.251587] APIC: Switch to symmetric I/O mode setup
Mar  2 16:30:01 debian kernel: [    0.251815] x2apic enabled
Mar  2 16:30:01 debian kernel: [    0.252028] Switched APIC routing to physical x2apic.
Mar  2 16:30:01 debian kernel: [    0.253051] ..TIMER: vector=0x30 apic1=0 pin1=2 apic2=-1 pin2=-1
Mar  2 16:30:01 debian kernel: [    0.253074] clocksource: tsc-early: mask: 0xffffffffffffffff max_cycles: 0x29b4ee1aabe, max_idle_ns: 440795265226 ns
Mar  2 16:30:01 debian kernel: [    0.253080] Calibrating delay loop (skipped) preset value.. 5786.81 BogoMIPS (lpj=11573624)
Mar  2 16:30:01 debian kernel: [    0.253083] pid_max: default: 32768 minimum: 301
Mar  2 16:30:01 debian kernel: [    0.253101] LSM: Security Framework initializing
Mar  2 16:30:01 debian kernel: [    0.253105] Yama: becoming mindful.
Mar  2 16:30:01 debian kernel: [    0.253120] AppArmor: AppArmor initialized
Mar  2 16:30:01 debian kernel: [    0.253121] TOMOYO Linux initialized
Mar  2 16:30:01 debian kernel: [    0.253135] Mount-cache hash table entries: 4096 (order: 3, 32768 bytes, linear)
Mar  2 16:30:01 debian kernel: [    0.253140] Mountpoint-cache hash table entries: 4096 (order: 3, 32768 bytes, linear)
Mar  2 16:30:01 debian kernel: [    0.253403] unchecked MSR access error: WRMSR to 0x3a (tried to write 0x0000000000000001) at rIP: 0xffffffff92661374 (native_write_msr+0x4/0x20)
Mar  2 16:30:01 debian kernel: [    0.253410] Call Trace:
Mar  2 16:30:01 debian kernel: [    0.253412]  init_ia32_feat_ctl+0x85/0x270
Mar  2 16:30:01 debian kernel: [    0.253416]  init_intel+0xdb/0x410
Mar  2 16:30:01 debian kernel: [    0.253419]  identify_cpu+0x2d0/0x5a0
Mar  2 16:30:01 debian kernel: [    0.253421]  identify_boot_cpu+0xc/0x94
Mar  2 16:30:01 debian kernel: [    0.253425]  check_bugs+0x28/0xa06
Mar  2 16:30:01 debian kernel: [    0.253426]  ? __get_locked_pte+0x155/0x1d0
Mar  2 16:30:01 debian kernel: [    0.253429]  start_kernel+0x58a/0x5bc
Mar  2 16:30:01 debian kernel: [    0.253432]  secondary_startup_64_no_verify+0xb0/0xbb
Mar  2 16:30:01 debian kernel: [    0.253462] Last level iTLB entries: 4KB 512, 2MB 8, 4MB 8
Mar  2 16:30:01 debian kernel: [    0.253463] Last level dTLB entries: 4KB 512, 2MB 32, 4MB 32, 1GB 0
Mar  2 16:30:01 debian kernel: [    0.253466] Spectre V1 : Mitigation: usercopy/swapgs barriers and __user pointer sanitization
Mar  2 16:30:01 debian kernel: [    0.253468] Spectre V2 : Mitigation: Full generic retpoline
Mar  2 16:30:01 debian kernel: [    0.253468] Spectre V2 : Spectre v2 / SpectreRSB mitigation: Filling RSB on context switch
Mar  2 16:30:01 debian kernel: [    0.253469] Speculative Store Bypass: Vulnerable
Mar  2 16:30:01 debian kernel: [    0.253471] SRBDS: Unknown: Dependent on hypervisor status
Mar  2 16:30:01 debian kernel: [    0.253471] MDS: Mitigation: Clear CPU buffers
Mar  2 16:30:01 debian kernel: [    0.253553] Freeing SMP alternatives memory: 32K
Mar  2 16:30:01 debian kernel: [    0.364088] smpboot: CPU0: Intel(R) Core(TM) i5-3470S CPU @ 2.90GHz (family: 0x6, model: 0x3a, stepping: 0x9)
Mar  2 16:30:01 debian kernel: [    0.364264] Performance Events: unsupported p6 CPU model 58 no PMU driver, software events only.
Mar  2 16:30:01 debian kernel: [    0.364298] rcu: Hierarchical SRCU implementation.
Mar  2 16:30:01 debian kernel: [    0.364574] NMI watchdog: Perf NMI watchdog permanently disabled
Mar  2 16:30:01 debian kernel: [    0.364630] smp: Bringing up secondary CPUs ...
Mar  2 16:30:01 debian kernel: [    0.364729] x86: Booting SMP configuration:
Mar  2 16:30:01 debian kernel: [    0.364731] .... node  #0, CPUs:      #1
Mar  2 16:30:01 debian kernel: [    0.014367] kvm-clock: cpu 1, msr 766ed041, secondary cpu clock
Mar  2 16:30:01 debian kernel: [    0.365078]  #2
Mar  2 16:30:01 debian kernel: [    0.014367] kvm-clock: cpu 2, msr 766ed081, secondary cpu clock
Mar  2 16:30:01 debian kernel: [    0.365157]  #3
Mar  2 16:30:01 debian kernel: [    0.014367] kvm-clock: cpu 3, msr 766ed0c1, secondary cpu clock
Mar  2 16:30:01 debian kernel: [    0.369248] smp: Brought up 1 node, 4 CPUs
Mar  2 16:30:01 debian kernel: [    0.369251] smpboot: Max logical packages: 1
Mar  2 16:30:01 debian kernel: [    0.369252] smpboot: Total of 4 processors activated (23147.24 BogoMIPS)
Mar  2 16:30:01 debian kernel: [    0.369448] devtmpfs: initialized
Mar  2 16:30:01 debian kernel: [    0.369448] x86/mm: Memory block size: 128MB
Mar  2 16:30:01 debian kernel: [    0.369448] clocksource: jiffies: mask: 0xffffffff max_cycles: 0xffffffff, max_idle_ns: 7645041785100000 ns
Mar  2 16:30:01 debian kernel: [    0.369448] futex hash table entries: 1024 (order: 4, 65536 bytes, linear)
Mar  2 16:30:01 debian kernel: [    0.369448] pinctrl core: initialized pinctrl subsystem
Mar  2 16:30:01 debian kernel: [    0.369540] NET: Registered protocol family 16
Mar  2 16:30:01 debian kernel: [    0.369613] audit: initializing netlink subsys (disabled)
Mar  2 16:30:01 debian kernel: [    0.369639] audit: type=2000 audit(1614699044.059:1): state=initialized audit_enabled=0 res=1
Mar  2 16:30:01 debian kernel: [    0.369639] thermal_sys: Registered thermal governor 'fair_share'
Mar  2 16:30:01 debian kernel: [    0.369639] thermal_sys: Registered thermal governor 'bang_bang'
Mar  2 16:30:01 debian kernel: [    0.369639] thermal_sys: Registered thermal governor 'step_wise'
Mar  2 16:30:01 debian kernel: [    0.369639] thermal_sys: Registered thermal governor 'user_space'
Mar  2 16:30:01 debian kernel: [    0.369639] cpuidle: using governor ladder
Mar  2 16:30:01 debian kernel: [    0.369639] cpuidle: using governor menu
Mar  2 16:30:01 debian kernel: [    0.369639] ACPI: bus type PCI registered
Mar  2 16:30:01 debian kernel: [    0.369639] acpiphp: ACPI Hot Plug PCI Controller Driver version: 0.5
Mar  2 16:30:01 debian kernel: [    0.369639] PCI: Using configuration type 1 for base access
Mar  2 16:30:01 debian kernel: [    0.370057] Kprobes globally optimized
Mar  2 16:30:01 debian kernel: [    0.370081] HugeTLB registered 2.00 MiB page size, pre-allocated 0 pages
Mar  2 16:30:01 debian kernel: [    0.501273] ACPI: Added _OSI(Module Device)
Mar  2 16:30:01 debian kernel: [    0.501273] ACPI: Added _OSI(Processor Device)
Mar  2 16:30:01 debian kernel: [    0.501273] ACPI: Added _OSI(3.0 _SCP Extensions)
Mar  2 16:30:01 debian kernel: [    0.501273] ACPI: Added _OSI(Processor Aggregator Device)
Mar  2 16:30:01 debian kernel: [    0.501273] ACPI: Added _OSI(Linux-Dell-Video)
Mar  2 16:30:01 debian kernel: [    0.501273] ACPI: Added _OSI(Linux-Lenovo-NV-HDMI-Audio)
Mar  2 16:30:01 debian kernel: [    0.501273] ACPI: Added _OSI(Linux-HPI-Hybrid-Graphics)
Mar  2 16:30:01 debian kernel: [    0.506054] ACPI: 2 ACPI AML tables successfully acquired and loaded
Mar  2 16:30:01 debian kernel: [    0.507864] ACPI: Interpreter enabled
Mar  2 16:30:01 debian kernel: [    0.507873] ACPI: (supports S0 S5)
Mar  2 16:30:01 debian kernel: [    0.507875] ACPI: Using IOAPIC for interrupt routing
Mar  2 16:30:01 debian kernel: [    0.507998] PCI: Using host bridge windows from ACPI; if necessary, use "pci=nocrs" and report a bug
Mar  2 16:30:01 debian kernel: [    0.508127] ACPI: Enabled 2 GPEs in block 00 to 07
Mar  2 16:30:01 debian kernel: [    0.513117] ACPI: PCI Root Bridge [PCI0] (domain 0000 [bus 00-ff])
Mar  2 16:30:01 debian kernel: [    0.513124] acpi PNP0A03:00: _OSC: OS supports [ASPM ClockPM Segments MSI HPX-Type3]
Mar  2 16:30:01 debian kernel: [    0.513405] acpi PNP0A03:00: _OSC: not requesting OS control; OS requires [ExtendedConfig ASPM ClockPM MSI]
Mar  2 16:30:01 debian kernel: [    0.513412] acpi PNP0A03:00: fail to add MMCONFIG information, can't access extended PCI configuration space under this bridge.
Mar  2 16:30:01 debian kernel: [    0.514042] PCI host bridge to bus 0000:00
Mar  2 16:30:01 debian kernel: [    0.514045] pci_bus 0000:00: root bus resource [io  0x0000-0x0cf7 window]
Mar  2 16:30:01 debian kernel: [    0.514047] pci_bus 0000:00: root bus resource [io  0x0d00-0xffff window]
Mar  2 16:30:01 debian kernel: [    0.514048] pci_bus 0000:00: root bus resource [mem 0x000a0000-0x000bffff window]
Mar  2 16:30:01 debian kernel: [    0.514049] pci_bus 0000:00: root bus resource [mem 0x80000000-0xfdffffff window]
Mar  2 16:30:01 debian kernel: [    0.514051] pci_bus 0000:00: root bus resource [bus 00-ff]
Mar  2 16:30:01 debian kernel: [    0.514134] pci 0000:00:00.0: [8086:1237] type 00 class 0x060000
Mar  2 16:30:01 debian kernel: [    0.515467] pci 0000:00:01.0: [8086:7000] type 00 class 0x060100
Mar  2 16:30:01 debian kernel: [    0.517110] pci 0000:00:01.1: [8086:7111] type 00 class 0x01018a
Mar  2 16:30:01 debian kernel: [    0.517926] pci 0000:00:01.1: reg 0x20: [io  0xd000-0xd00f]
Mar  2 16:30:01 debian kernel: [    0.518250] pci 0000:00:01.1: legacy IDE quirk: reg 0x10: [io  0x01f0-0x01f7]
Mar  2 16:30:01 debian kernel: [    0.518252] pci 0000:00:01.1: legacy IDE quirk: reg 0x14: [io  0x03f6]
Mar  2 16:30:01 debian kernel: [    0.518253] pci 0000:00:01.1: legacy IDE quirk: reg 0x18: [io  0x0170-0x0177]
Mar  2 16:30:01 debian kernel: [    0.518254] pci 0000:00:01.1: legacy IDE quirk: reg 0x1c: [io  0x0376]
Mar  2 16:30:01 debian kernel: [    0.518754] pci 0000:00:02.0: [15ad:0405] type 00 class 0x030000
Mar  2 16:30:01 debian kernel: [    0.520315] pci 0000:00:02.0: reg 0x10: [io  0xd010-0xd01f]
Mar  2 16:30:01 debian kernel: [    0.521499] pci 0000:00:02.0: reg 0x14: [mem 0xe0000000-0xe0ffffff pref]
Mar  2 16:30:01 debian kernel: [    0.523455] pci 0000:00:02.0: reg 0x18: [mem 0xf0000000-0xf01fffff]
Mar  2 16:30:01 debian kernel: [    0.529973] pci 0000:00:03.0: [8086:100e] type 00 class 0x020000
Mar  2 16:30:01 debian kernel: [    0.531113] pci 0000:00:03.0: reg 0x10: [mem 0xf0200000-0xf021ffff]
Mar  2 16:30:01 debian kernel: [    0.533163] pci 0000:00:03.0: reg 0x18: [io  0xd020-0xd027]
Mar  2 16:30:01 debian kernel: [    0.538024] pci 0000:00:04.0: [80ee:cafe] type 00 class 0x088000
Mar  2 16:30:01 debian kernel: [    0.539157] pci 0000:00:04.0: reg 0x10: [io  0xd040-0xd05f]
Mar  2 16:30:01 debian kernel: [    0.540177] pci 0000:00:04.0: reg 0x14: [mem 0xf0400000-0xf07fffff]
Mar  2 16:30:01 debian kernel: [    0.541276] pci 0000:00:04.0: reg 0x18: [mem 0xf0800000-0xf0803fff pref]
Mar  2 16:30:01 debian kernel: [    0.545954] pci 0000:00:05.0: [8086:2415] type 00 class 0x040100
Mar  2 16:30:01 debian kernel: [    0.546251] pci 0000:00:05.0: reg 0x10: [io  0xd100-0xd1ff]
Mar  2 16:30:01 debian kernel: [    0.546390] pci 0000:00:05.0: reg 0x14: [io  0xd200-0xd23f]
Mar  2 16:30:01 debian kernel: [    0.547717] pci 0000:00:06.0: [106b:003f] type 00 class 0x0c0310
Mar  2 16:30:01 debian kernel: [    0.549250] pci 0000:00:06.0: reg 0x10: [mem 0xf0804000-0xf0804fff]
Mar  2 16:30:01 debian kernel: [    0.555983] pci 0000:00:07.0: [8086:7113] type 00 class 0x068000
Mar  2 16:30:01 debian kernel: [    0.556910] pci 0000:00:07.0: quirk: [io  0x4000-0x403f] claimed by PIIX4 ACPI
Mar  2 16:30:01 debian kernel: [    0.556934] pci 0000:00:07.0: quirk: [io  0x4100-0x410f] claimed by PIIX4 SMB
Mar  2 16:30:01 debian kernel: [    0.557677] pci 0000:00:0b.0: [8086:265c] type 00 class 0x0c0320
Mar  2 16:30:01 debian kernel: [    0.558844] pci 0000:00:0b.0: reg 0x10: [mem 0xf0805000-0xf0805fff]
Mar  2 16:30:01 debian kernel: [    0.565789] pci 0000:00:0d.0: [8086:2829] type 00 class 0x010601
Mar  2 16:30:01 debian kernel: [    0.566945] pci 0000:00:0d.0: reg 0x10: [io  0xd240-0xd247]
Mar  2 16:30:01 debian kernel: [    0.567987] pci 0000:00:0d.0: reg 0x14: [io  0xd248-0xd24b]
Mar  2 16:30:01 debian kernel: [    0.569171] pci 0000:00:0d.0: reg 0x18: [io  0xd250-0xd257]
Mar  2 16:30:01 debian kernel: [    0.570188] pci 0000:00:0d.0: reg 0x1c: [io  0xd258-0xd25b]
Mar  2 16:30:01 debian kernel: [    0.571148] pci 0000:00:0d.0: reg 0x20: [io  0xd260-0xd26f]
Mar  2 16:30:01 debian kernel: [    0.572143] pci 0000:00:0d.0: reg 0x24: [mem 0xf0806000-0xf0807fff]
Mar  2 16:30:01 debian kernel: [    0.575710] ACPI: PCI Interrupt Link [LNKA] (IRQs 5 9 10 *11)
Mar  2 16:30:01 debian kernel: [    0.575966] ACPI: PCI Interrupt Link [LNKB] (IRQs 5 9 *10 11)
Mar  2 16:30:01 debian kernel: [    0.576097] ACPI: PCI Interrupt Link [LNKC] (IRQs 5 *9 10 11)
Mar  2 16:30:01 debian kernel: [    0.576227] ACPI: PCI Interrupt Link [LNKD] (IRQs 5 9 10 *11)
Mar  2 16:30:01 debian kernel: [    0.576448] iommu: Default domain type: Translated 
Mar  2 16:30:01 debian kernel: [    0.576495] pci 0000:00:02.0: vgaarb: setting as boot VGA device
Mar  2 16:30:01 debian kernel: [    0.576495] pci 0000:00:02.0: vgaarb: VGA device added: decodes=io+mem,owns=io+mem,locks=none
Mar  2 16:30:01 debian kernel: [    0.576495] pci 0000:00:02.0: vgaarb: bridge control possible
Mar  2 16:30:01 debian kernel: [    0.576495] vgaarb: loaded
Mar  2 16:30:01 debian kernel: [    0.576495] pps_core: LinuxPPS API ver. 1 registered
Mar  2 16:30:01 debian kernel: [    0.576495] pps_core: Software ver. 5.3.6 - Copyright 2005-2007 Rodolfo Giometti <giometti@linux.it>
Mar  2 16:30:01 debian kernel: [    0.576495] PTP clock support registered
Mar  2 16:30:01 debian kernel: [    0.576495] EDAC MC: Ver: 3.0.0
Mar  2 16:30:01 debian kernel: [    0.577418] PCI: Using ACPI for IRQ routing
Mar  2 16:30:01 debian kernel: [    0.577418] PCI: pci_cache_line_size set to 64 bytes
Mar  2 16:30:01 debian kernel: [    0.577711] e820: reserve RAM buffer [mem 0x0009fc00-0x0009ffff]
Mar  2 16:30:01 debian kernel: [    0.577717] e820: reserve RAM buffer [mem 0x7fff0000-0x7fffffff]
Mar  2 16:30:01 debian kernel: [    0.577727] clocksource: Switched to clocksource kvm-clock
Mar  2 16:30:01 debian kernel: [    0.583277] VFS: Disk quotas dquot_6.6.0
Mar  2 16:30:01 debian kernel: [    0.583300] VFS: Dquot-cache hash table entries: 512 (order 0, 4096 bytes)
Mar  2 16:30:01 debian kernel: [    0.585720] AppArmor: AppArmor Filesystem Enabled
Mar  2 16:30:01 debian kernel: [    0.585760] pnp: PnP ACPI init
Mar  2 16:30:01 debian kernel: [    0.585832] pnp 00:00: Plug and Play ACPI device, IDs PNP0303 (active)
Mar  2 16:30:01 debian kernel: [    0.585919] pnp 00:01: Plug and Play ACPI device, IDs PNP0f03 (active)
Mar  2 16:30:01 debian kernel: [    0.586953] pnp: PnP ACPI: found 2 devices
Mar  2 16:30:01 debian kernel: [    0.592745] clocksource: acpi_pm: mask: 0xffffff max_cycles: 0xffffff, max_idle_ns: 2085701024 ns
Mar  2 16:30:01 debian kernel: [    0.592805] NET: Registered protocol family 2
Mar  2 16:30:01 debian kernel: [    0.592939] tcp_listen_portaddr_hash hash table entries: 1024 (order: 2, 16384 bytes, linear)
Mar  2 16:30:01 debian kernel: [    0.592945] TCP established hash table entries: 16384 (order: 5, 131072 bytes, linear)
Mar  2 16:30:01 debian kernel: [    0.592969] TCP bind hash table entries: 16384 (order: 6, 262144 bytes, linear)
Mar  2 16:30:01 debian kernel: [    0.593001] TCP: Hash tables configured (established 16384 bind 16384)
Mar  2 16:30:01 debian kernel: [    0.593037] UDP hash table entries: 1024 (order: 3, 32768 bytes, linear)
Mar  2 16:30:01 debian kernel: [    0.593043] UDP-Lite hash table entries: 1024 (order: 3, 32768 bytes, linear)
Mar  2 16:30:01 debian kernel: [    0.593081] NET: Registered protocol family 1
Mar  2 16:30:01 debian kernel: [    0.593089] NET: Registered protocol family 44
Mar  2 16:30:01 debian kernel: [    0.593098] pci_bus 0000:00: resource 4 [io  0x0000-0x0cf7 window]
Mar  2 16:30:01 debian kernel: [    0.593101] pci_bus 0000:00: resource 5 [io  0x0d00-0xffff window]
Mar  2 16:30:01 debian kernel: [    0.593102] pci_bus 0000:00: resource 6 [mem 0x000a0000-0x000bffff window]
Mar  2 16:30:01 debian kernel: [    0.593104] pci_bus 0000:00: resource 7 [mem 0x80000000-0xfdffffff window]
Mar  2 16:30:01 debian kernel: [    0.593152] pci 0000:00:00.0: Limiting direct PCI/PCI transfers
Mar  2 16:30:01 debian kernel: [    0.593217] pci 0000:00:01.0: Activating ISA DMA hang workarounds
Mar  2 16:30:01 debian kernel: [    0.593400] pci 0000:00:02.0: Video device with shadowed ROM at [mem 0x000c0000-0x000dffff]
Mar  2 16:30:01 debian kernel: [    0.596092] PCI: CLS 0 bytes, default 64
Mar  2 16:30:01 debian kernel: [    0.596130] Trying to unpack rootfs image as initramfs...
Mar  2 16:30:01 debian kernel: [    5.689795] Freeing initrd memory: 422228K
Mar  2 16:30:01 debian kernel: [    5.689836] clocksource: tsc: mask: 0xffffffffffffffff max_cycles: 0x29b4ee1aabe, max_idle_ns: 440795265226 ns
Mar  2 16:30:01 debian kernel: [    5.689962] clocksource: Switched to clocksource tsc
Mar  2 16:30:01 debian kernel: [    5.690000] platform rtc_cmos: registered platform RTC device (no PNP device found)
Mar  2 16:30:01 debian kernel: [    5.690286] Initialise system trusted keyrings
Mar  2 16:30:01 debian kernel: [    5.690295] Key type blacklist registered
Mar  2 16:30:01 debian kernel: [    5.690485] workingset: timestamp_bits=40 max_order=19 bucket_order=0
Mar  2 16:30:01 debian kernel: [    5.691499] zbud: loaded
Mar  2 16:30:01 debian kernel: [    5.692315] Key type asymmetric registered
Mar  2 16:30:01 debian kernel: [    5.692318] Asymmetric key parser 'x509' registered
Mar  2 16:30:01 debian kernel: [    5.692329] Block layer SCSI generic (bsg) driver version 0.4 loaded (major 248)
Mar  2 16:30:01 debian kernel: [    5.692535] io scheduler mq-deadline registered
Mar  2 16:30:01 debian kernel: [    5.692994] shpchp: Standard Hot Plug PCI Controller Driver version: 0.4
Mar  2 16:30:01 debian kernel: [    5.693336] Serial: 8250/16550 driver, 4 ports, IRQ sharing enabled
Mar  2 16:30:01 debian kernel: [    5.693632] Linux agpgart interface v0.103
Mar  2 16:30:01 debian kernel: [    5.693718] AMD-Vi: AMD IOMMUv2 driver by Joerg Roedel <jroedel@suse.de>
Mar  2 16:30:01 debian kernel: [    5.693719] AMD-Vi: AMD IOMMUv2 functionality not available on this system
Mar  2 16:30:01 debian kernel: [    5.694246] i8042: PNP: PS/2 Controller [PNP0303:PS2K,PNP0f03:PS2M] at 0x60,0x64 irq 1,12
Mar  2 16:30:01 debian kernel: [    5.694815] serio: i8042 KBD port at 0x60,0x64 irq 1
Mar  2 16:30:01 debian kernel: [    5.694822] serio: i8042 AUX port at 0x60,0x64 irq 12
Mar  2 16:30:01 debian kernel: [    5.694917] mousedev: PS/2 mouse device common for all mice
Mar  2 16:30:01 debian kernel: [    5.695820] rtc_cmos rtc_cmos: registered as rtc0
Mar  2 16:30:01 debian kernel: [    5.695862] input: AT Translated Set 2 keyboard as /devices/platform/i8042/serio0/input/input0
Mar  2 16:30:01 debian kernel: [    5.696054] rtc_cmos rtc_cmos: setting system clock to 2021-03-02T15:29:55 UTC (1614698995)
Mar  2 16:30:01 debian kernel: [    5.696146] rtc_cmos rtc_cmos: alarms up to one day, 114 bytes nvram
Mar  2 16:30:01 debian kernel: [    5.696155] intel_pstate: CPU model not supported
Mar  2 16:30:01 debian kernel: [    5.696396] ledtrig-cpu: registered to indicate activity on CPUs
Mar  2 16:30:01 debian kernel: [    5.696577] NET: Registered protocol family 10
Mar  2 16:30:01 debian kernel: [    5.706420] Segment Routing with IPv6
Mar  2 16:30:01 debian kernel: [    5.706451] mip6: Mobile IPv6
Mar  2 16:30:01 debian kernel: [    5.706453] NET: Registered protocol family 17
Mar  2 16:30:01 debian kernel: [    5.706595] mpls_gso: MPLS GSO support
Mar  2 16:30:01 debian kernel: [    5.707003] IPI shorthand broadcast: enabled
Mar  2 16:30:01 debian kernel: [    5.707014] sched_clock: Marking stable (5696602097, 10367310)->(5710026382, -3056975)
Mar  2 16:30:01 debian kernel: [    5.707241] registered taskstats version 1
Mar  2 16:30:01 debian kernel: [    5.707244] Loading compiled-in X.509 certificates
Mar  2 16:30:01 debian kernel: [    5.707291] zswap: loaded using pool lzo/zbud
Mar  2 16:30:01 debian kernel: [    5.707596] AppArmor: AppArmor sha1 policy hashing enabled
Mar  2 16:30:01 debian kernel: [    5.709060] Freeing unused kernel image (initmem) memory: 1644K
Mar  2 16:30:01 debian kernel: [    5.721623] Write protecting the kernel read-only data: 18432k
Mar  2 16:30:01 debian kernel: [    5.722427] Freeing unused kernel image (text/rodata gap) memory: 2040K
Mar  2 16:30:01 debian kernel: [    5.722664] Freeing unused kernel image (rodata/data gap) memory: 152K
Mar  2 16:30:01 debian kernel: [    5.772457] x86/mm: Checked W+X mappings: passed, no W+X pages found.
Mar  2 16:30:01 debian kernel: [    5.772462] x86/mm: Checking user space page tables
Mar  2 16:30:01 debian kernel: [    5.818242] x86/mm: Checked W+X mappings: passed, no W+X pages found.
Mar  2 16:30:01 debian kernel: [    5.818253] Run /init as init process
Mar  2 16:30:01 debian kernel: [    5.818256]   with arguments:
Mar  2 16:30:01 debian kernel: [    5.818257]     /init
Mar  2 16:30:01 debian kernel: [    5.818258]   with environment:
Mar  2 16:30:01 debian kernel: [    5.818258]     HOME=/
Mar  2 16:30:01 debian kernel: [    5.818259]     TERM=linux
Mar  2 16:30:01 debian kernel: [    5.818260]     BOOT_IMAGE=/boot/vmlinuz-5.12.0-rc1
Mar  2 16:30:01 debian kernel: [    5.878157] video: module verification failed: signature and/or required key missing - tainting kernel
Mar  2 16:30:01 debian kernel: [    5.878846] ACPI: video: Video Device [GFX0] (multi-head: yes  rom: no  post: no)
Mar  2 16:30:01 debian kernel: [    5.878908] input: Video Bus as /devices/LNXSYSTM:00/LNXSYBUS:00/PNP0A03:00/LNXVIDEO:00/input/input2
Mar  2 16:30:01 debian kernel: [    5.880966] piix4_smbus 0000:00:07.0: SMBus Host Controller at 0x4100, revision 0
Mar  2 16:30:01 debian kernel: [    5.884114] e1000: Intel(R) PRO/1000 Network Driver
Mar  2 16:30:01 debian kernel: [    5.884121] e1000: Copyright (c) 1999-2006 Intel Corporation.
Mar  2 16:30:01 debian kernel: [    5.887174] ACPI: bus type USB registered
Mar  2 16:30:01 debian kernel: [    5.887203] usbcore: registered new interface driver usbfs
Mar  2 16:30:01 debian kernel: [    5.887210] usbcore: registered new interface driver hub
Mar  2 16:30:01 debian kernel: [    5.887221] usbcore: registered new device driver usb
Mar  2 16:30:01 debian kernel: [    5.893404] SCSI subsystem initialized
Mar  2 16:30:01 debian kernel: [    5.901909] ehci_hcd: USB 2.0 'Enhanced' Host Controller (EHCI) Driver
Mar  2 16:30:01 debian kernel: [    5.903503] ehci-pci: EHCI PCI platform driver
Mar  2 16:30:01 debian kernel: [    5.903991] libata version 3.00 loaded.
Mar  2 16:30:01 debian kernel: [    5.904284] ohci_hcd: USB 1.1 'Open' Host Controller (OHCI) Driver
Mar  2 16:30:01 debian kernel: [    5.904429] ehci-pci 0000:00:0b.0: EHCI Host Controller
Mar  2 16:30:01 debian kernel: [    5.904438] ehci-pci 0000:00:0b.0: new USB bus registered, assigned bus number 1
Mar  2 16:30:01 debian kernel: [    5.904845] ehci-pci 0000:00:0b.0: irq 19, io mem 0xf0805000
Mar  2 16:30:01 debian kernel: [    5.904964] ata_piix 0000:00:01.1: version 2.13
Mar  2 16:30:01 debian kernel: [    5.906558] ahci 0000:00:0d.0: version 3.0
Mar  2 16:30:01 debian kernel: [    5.907202] ahci 0000:00:0d.0: SSS flag set, parallel bus scan disabled
Mar  2 16:30:01 debian kernel: [    5.907350] ahci 0000:00:0d.0: AHCI 0001.0100 32 slots 1 ports 3 Gbps 0x1 impl SATA mode
Mar  2 16:30:01 debian kernel: [    5.907354] ahci 0000:00:0d.0: flags: 64bit ncq stag only ccc 
Mar  2 16:30:01 debian kernel: [    5.909564] scsi host0: ahci
Mar  2 16:30:01 debian kernel: [    5.909689] ata1: SATA max UDMA/133 abar m8192@0xf0806000 port 0xf0806100 irq 21
Mar  2 16:30:01 debian kernel: [    5.910468] scsi host1: ata_piix
Mar  2 16:30:01 debian kernel: [    5.910697] scsi host2: ata_piix
Mar  2 16:30:01 debian kernel: [    5.910736] ata2: PATA max UDMA/33 cmd 0x1f0 ctl 0x3f6 bmdma 0xd000 irq 14
Mar  2 16:30:01 debian kernel: [    5.910739] ata3: PATA max UDMA/33 cmd 0x170 ctl 0x376 bmdma 0xd008 irq 15
Mar  2 16:30:01 debian kernel: [    5.921795] ehci-pci 0000:00:0b.0: USB 2.0 started, EHCI 1.00
Mar  2 16:30:01 debian kernel: [    5.921851] usb usb1: New USB device found, idVendor=1d6b, idProduct=0002, bcdDevice= 5.12
Mar  2 16:30:01 debian kernel: [    5.921854] usb usb1: New USB device strings: Mfr=3, Product=2, SerialNumber=1
Mar  2 16:30:01 debian kernel: [    5.921855] usb usb1: Product: EHCI Host Controller
Mar  2 16:30:01 debian kernel: [    5.921856] usb usb1: Manufacturer: Linux 5.12.0-rc1 ehci_hcd
Mar  2 16:30:01 debian kernel: [    5.921858] usb usb1: SerialNumber: 0000:00:0b.0
Mar  2 16:30:01 debian kernel: [    5.922132] hub 1-0:1.0: USB hub found
Mar  2 16:30:01 debian kernel: [    5.922140] hub 1-0:1.0: 12 ports detected
Mar  2 16:30:01 debian kernel: [    5.923140] ohci-pci: OHCI PCI platform driver
Mar  2 16:30:01 debian kernel: [    5.923762] ohci-pci 0000:00:06.0: OHCI PCI host controller
Mar  2 16:30:01 debian kernel: [    5.923769] ohci-pci 0000:00:06.0: new USB bus registered, assigned bus number 2
Mar  2 16:30:01 debian kernel: [    5.923839] ohci-pci 0000:00:06.0: irq 22, io mem 0xf0804000
Mar  2 16:30:01 debian kernel: [    5.981542] usb usb2: New USB device found, idVendor=1d6b, idProduct=0001, bcdDevice= 5.12
Mar  2 16:30:01 debian kernel: [    5.981548] usb usb2: New USB device strings: Mfr=3, Product=2, SerialNumber=1
Mar  2 16:30:01 debian kernel: [    5.981550] usb usb2: Product: OHCI PCI host controller
Mar  2 16:30:01 debian kernel: [    5.981551] usb usb2: Manufacturer: Linux 5.12.0-rc1 ohci_hcd
Mar  2 16:30:01 debian kernel: [    5.981553] usb usb2: SerialNumber: 0000:00:06.0
Mar  2 16:30:01 debian kernel: [    5.981983] hub 2-0:1.0: USB hub found
Mar  2 16:30:01 debian kernel: [    5.982004] hub 2-0:1.0: 12 ports detected
Mar  2 16:30:01 debian kernel: [    6.081282] ata3.00: ATAPI: VBOX CD-ROM, 1.0, max UDMA/133
Mar  2 16:30:01 debian kernel: [    6.098665] input: ImExPS/2 Generic Explorer Mouse as /devices/platform/i8042/serio1/input/input3
Mar  2 16:30:01 debian kernel: [    6.225751] ata1: SATA link up 3.0 Gbps (SStatus 123 SControl 300)
Mar  2 16:30:01 debian kernel: [    6.225985] ata1.00: ATA-6: VBOX HARDDISK, 1.0, max UDMA/133
Mar  2 16:30:01 debian kernel: [    6.225989] ata1.00: 105447424 sectors, multi 128: LBA48 NCQ (depth 32)
Mar  2 16:30:01 debian kernel: [    6.226304] ata1.00: configured for UDMA/133
Mar  2 16:30:01 debian kernel: [    6.226422] scsi 0:0:0:0: Direct-Access     ATA      VBOX HARDDISK    1.0  PQ: 0 ANSI: 5
Mar  2 16:30:01 debian kernel: [    6.227176] scsi 2:0:0:0: CD-ROM            VBOX     CD-ROM           1.0  PQ: 0 ANSI: 5
Mar  2 16:30:01 debian kernel: [    6.232839] sd 0:0:0:0: [sda] 105447424 512-byte logical blocks: (54.0 GB/50.3 GiB)
Mar  2 16:30:01 debian kernel: [    6.232850] sd 0:0:0:0: [sda] Write Protect is off
Mar  2 16:30:01 debian kernel: [    6.232852] sd 0:0:0:0: [sda] Mode Sense: 00 3a 00 00
Mar  2 16:30:01 debian kernel: [    6.232865] sd 0:0:0:0: [sda] Write cache: enabled, read cache: enabled, doesn't support DPO or FUA
Mar  2 16:30:01 debian kernel: [    6.340558]  sda: sda1 sda2 < sda5 >
Mar  2 16:30:01 debian kernel: [    6.365715] e1000 0000:00:03.0 eth0: (PCI:33MHz:32-bit) 08:00:27:43:a8:fa
Mar  2 16:30:01 debian kernel: [    6.365726] e1000 0000:00:03.0 eth0: Intel(R) PRO/1000 Network Connection
Mar  2 16:30:01 debian kernel: [    6.367185] e1000 0000:00:03.0 enp0s3: renamed from eth0
Mar  2 16:30:01 debian kernel: [    6.373822] sd 0:0:0:0: [sda] Attached SCSI disk
Mar  2 16:30:01 debian kernel: [    6.397466] usb 2-1: new full-speed USB device number 2 using ohci-pci
Mar  2 16:30:01 debian kernel: [    6.410395] sr 2:0:0:0: [sr0] scsi3-mmc drive: 32x/32x xa/form2 tray
Mar  2 16:30:01 debian kernel: [    6.410401] cdrom: Uniform CD-ROM driver Revision: 3.20
Mar  2 16:30:01 debian kernel: [    6.466117] sr 2:0:0:0: Attached scsi CD-ROM sr0
Mar  2 16:30:01 debian kernel: [    6.859863] usb 2-1: New USB device found, idVendor=80ee, idProduct=0021, bcdDevice= 1.00
Mar  2 16:30:01 debian kernel: [    6.859869] usb 2-1: New USB device strings: Mfr=1, Product=3, SerialNumber=0
Mar  2 16:30:01 debian kernel: [    6.859871] usb 2-1: Product: USB Tablet
Mar  2 16:30:01 debian kernel: [    6.859872] usb 2-1: Manufacturer: VirtualBox
Mar  2 16:30:01 debian kernel: [    6.866084] hid: raw HID events driver (C) Jiri Kosina
Mar  2 16:30:01 debian kernel: [    6.875087] usbcore: registered new interface driver usbhid
Mar  2 16:30:01 debian kernel: [    6.875091] usbhid: USB HID core driver
Mar  2 16:30:01 debian kernel: [    6.877084] input: VirtualBox USB Tablet as /devices/pci0000:00/0000:00:06.0/usb2/2-1/2-1:1.0/0003:80EE:0021.0001/input/input4
Mar  2 16:30:01 debian kernel: [    6.877467] hid-generic 0003:80EE:0021.0001: input,hidraw0: USB HID v1.10 Mouse [VirtualBox USB Tablet] on usb-0000:00:06.0-1/input0
Mar  2 16:30:01 debian kernel: [    8.395416] process '/usr/bin/fstype' started with executable stack
Mar  2 16:30:01 debian kernel: [    8.417237] PM: Image not found (code -22)
Mar  2 16:30:01 debian kernel: [    8.573546] EXT4-fs (sda1): mounted filesystem with ordered data mode. Opts: (null). Quota mode: none.
Mar  2 16:30:01 debian kernel: [    8.748751] Not activating Mandatory Access Control as /sbin/tomoyo-init does not exist.
Mar  2 16:30:01 debian kernel: [   10.281579] EXT4-fs (sda1): re-mounted. Opts: errors=remount-ro. Quota mode: none.
Mar  2 16:30:01 debian kernel: [   10.350004] lp: driver loaded but no devices found
Mar  2 16:30:01 debian kernel: [   10.368612] ppdev: user-space parallel port driver
Mar  2 16:30:01 debian kernel: [   10.664147] audit: type=1400 audit(1614699000.464:2): apparmor="STATUS" operation="profile_load" profile="unconfined" name="nvidia_modprobe" pid=240 comm="apparmor_parser"
Mar  2 16:30:01 debian kernel: [   10.664153] audit: type=1400 audit(1614699000.464:3): apparmor="STATUS" operation="profile_load" profile="unconfined" name="nvidia_modprobe//kmod" pid=240 comm="apparmor_parser"
Mar  2 16:30:01 debian kernel: [   10.669741] audit: type=1400 audit(1614699000.472:4): apparmor="STATUS" operation="profile_load" profile="unconfined" name="/usr/bin/man" pid=241 comm="apparmor_parser"
Mar  2 16:30:01 debian kernel: [   10.669746] audit: type=1400 audit(1614699000.472:5): apparmor="STATUS" operation="profile_load" profile="unconfined" name="man_filter" pid=241 comm="apparmor_parser"
Mar  2 16:30:01 debian kernel: [   10.669749] audit: type=1400 audit(1614699000.472:6): apparmor="STATUS" operation="profile_load" profile="unconfined" name="man_groff" pid=241 comm="apparmor_parser"
Mar  2 16:30:01 debian kernel: [   10.694398] audit: type=1400 audit(1614699000.496:7): apparmor="STATUS" operation="profile_load" profile="unconfined" name="/usr/sbin/cups-browsed" pid=242 comm="apparmor_parser"
Mar  2 16:30:01 debian kernel: [   10.719024] audit: type=1400 audit(1614699000.520:8): apparmor="STATUS" operation="profile_load" profile="unconfined" name="/usr/lib/cups/backend/cups-pdf" pid=243 comm="apparmor_parser"
Mar  2 16:30:01 debian kernel: [   10.719031] audit: type=1400 audit(1614699000.520:9): apparmor="STATUS" operation="profile_load" profile="unconfined" name="/usr/sbin/cupsd" pid=243 comm="apparmor_parser"
Mar  2 16:30:01 debian kernel: [   10.719033] audit: type=1400 audit(1614699000.520:10): apparmor="STATUS" operation="profile_load" profile="unconfined" name="/usr/sbin/cupsd//third_party" pid=243 comm="apparmor_parser"
Mar  2 16:30:01 debian kernel: [   10.732529] ACPI: AC: AC Adapter [AC] (on-line)
Mar  2 16:30:01 debian kernel: [   10.757230] input: PC Speaker as /devices/platform/pcspkr/input/input5
Mar  2 16:30:01 debian kernel: [   10.777365] input: Power Button as /devices/LNXSYSTM:00/LNXPWRBN:00/input/input6
Mar  2 16:30:01 debian kernel: [   10.797256] ACPI: button: Power Button [PWRF]
Mar  2 16:30:01 debian kernel: [   10.797726] input: Sleep Button as /devices/LNXSYSTM:00/LNXSLPBN:00/input/input7
Mar  2 16:30:01 debian kernel: [   10.797824] ACPI: button: Sleep Button [SLPF]
Mar  2 16:30:01 debian kernel: [   10.800286] vboxguest: host-version: 6.1.18r142142 0x8000000f
Mar  2 16:30:01 debian kernel: [   10.802135] vbg_heartbeat_init: Setting up heartbeat to trigger every 2000 milliseconds
Mar  2 16:30:01 debian kernel: [   10.802711] input: VirtualBox mouse integration as /devices/pci0000:00/0000:00:04.0/input/input8
Mar  2 16:30:01 debian kernel: [   10.804970] vboxguest: misc device minor 125, IRQ 20, I/O port d040, MMIO at 0x00000000f0400000 (size 0x0000000000400000)
Mar  2 16:30:01 debian kernel: [   10.932665] sd 0:0:0:0: Attached scsi generic sg0 type 0
Mar  2 16:30:01 debian kernel: [   10.932792] sr 2:0:0:0: Attached scsi generic sg1 type 5
Mar  2 16:30:01 debian kernel: [   11.326032] Error: Driver 'pcspkr' is already registered, aborting...
Mar  2 16:30:01 debian kernel: [   11.328557] RAPL PMU: API unit is 2^-32 Joules, 0 fixed counters, 10737418240 ms ovfl timer
Mar  2 16:30:01 debian kernel: [   11.415235] cryptd: max_cpu_qlen set to 1000
Mar  2 16:30:01 debian kernel: [   11.511057] AVX version of gcm_enc/dec engaged.
Mar  2 16:30:01 debian kernel: [   11.511449] AES CTR mode by8 optimization enabled
Mar  2 16:30:01 debian kernel: [   11.513348] Adding 998396k swap on /dev/sda5.  Priority:-2 extents:1 across:998396k FS
Mar  2 16:30:01 debian kernel: [   12.051734] vmwgfx 0000:00:02.0: vgaarb: deactivate vga console
Mar  2 16:30:01 debian kernel: [   12.052068] snd_intel8x0 0000:00:05.0: allow list rate for 1028:0177 is 48000
Mar  2 16:30:01 debian kernel: [   12.052697] Console: switching to colour dummy device 80x25
Mar  2 16:30:01 debian kernel: [   12.056011] [drm] FIFO at 0x00000000f0000000 size is 2048 kiB
Mar  2 16:30:01 debian kernel: [   12.056062] [drm] VRAM at 0x00000000e0000000 size is 16384 kiB
Mar  2 16:30:01 debian kernel: [   12.056077] [drm] DMA map mode: Caching DMA mappings.
Mar  2 16:30:01 debian kernel: [   12.056145] [drm] Capabilities:
Mar  2 16:30:01 debian kernel: [   12.056146] [drm]   Cursor.
Mar  2 16:30:01 debian kernel: [   12.056146] [drm]   Cursor bypass 2.
Mar  2 16:30:01 debian kernel: [   12.056147] [drm]   Alpha cursor.
Mar  2 16:30:01 debian kernel: [   12.056147] [drm]   3D.
Mar  2 16:30:01 debian kernel: [   12.056148] [drm]   Extended Fifo.
Mar  2 16:30:01 debian kernel: [   12.056148] [drm]   Pitchlock.
Mar  2 16:30:01 debian kernel: [   12.056148] [drm]   Irq mask.
Mar  2 16:30:01 debian kernel: [   12.056149] [drm]   GMR.
Mar  2 16:30:01 debian kernel: [   12.056149] [drm]   Traces.
Mar  2 16:30:01 debian kernel: [   12.056150] [drm]   GMR2.
Mar  2 16:30:01 debian kernel: [   12.056150] [drm]   Screen Object 2.
Mar  2 16:30:01 debian kernel: [   12.056151] [drm] Max GMR ids is 8192
Mar  2 16:30:01 debian kernel: [   12.056152] [drm] Max number of GMR pages is 1048576
Mar  2 16:30:01 debian kernel: [   12.056153] [drm] Max dedicated hypervisor surface memory is 507904 kiB
Mar  2 16:30:01 debian kernel: [   12.056154] [drm] Maximum display memory size is 16384 kiB
Mar  2 16:30:01 debian kernel: [   12.058320] [TTM] Zone  kernel: Available graphics memory: 1018498 KiB
Mar  2 16:30:01 debian kernel: [   12.061621] [drm] Screen Objects Display Unit initialized
Mar  2 16:30:01 debian kernel: [   12.061712] [drm] width 720
Mar  2 16:30:01 debian kernel: [   12.062106] [drm] height 400
Mar  2 16:30:01 debian kernel: [   12.062135] [drm] bpp 32
Mar  2 16:30:01 debian kernel: [   12.062695] [drm] Fifo max 0x00200000 min 0x00001000 cap 0x00000355
Mar  2 16:30:01 debian kernel: [   12.062846] [drm] Atomic: yes.
Mar  2 16:30:01 debian kernel: [   12.062854] [drm:vmw_host_log [vmwgfx]] *ERROR* Failed to send host log message.
Mar  2 16:30:01 debian kernel: [   12.062888] [drm:vmw_host_log [vmwgfx]] *ERROR* Failed to send host log message.
Mar  2 16:30:01 debian kernel: [   12.067247] fbcon: svgadrmfb (fb0) is primary device
Mar  2 16:30:01 debian kernel: [   12.067965] Console: switching to colour frame buffer device 100x37
Mar  2 16:30:01 debian kernel: [   12.073508] [drm] Initialized vmwgfx 2.18.0 20200114 for 0000:00:02.0 on minor 0
Mar  2 16:30:01 debian kernel: [   12.126142] e1000: enp0s3 NIC Link is Up 1000 Mbps Full Duplex, Flow Control: RX
Mar  2 16:30:01 debian kernel: [   12.126504] IPv6: ADDRCONF(NETDEV_CHANGE): enp0s3: link becomes ready
